00000000000000000000000000000000000000000000000000000000000000000000000000000000000000000000
S                                                                                          S
S                                 I                                                        S
S                                SSS                                                       S
S                                                                                          S
S                                       SS                                                 S
S                                                                                          S
S                                              S              S                            S
S                                         SS      S                       S   S            S
S                             SSS    S              SSSSSSSS     S    S                    S
S     P      S        SSS                                                                  S
S           SS                                                                             S
S        SSSSS      E  E EE E  E    E    E   E  E   E    E     E      E     E     EE       S
SSSSSSSSSSSSSSSSSSSSSSSSSSSSSSSSSSSSSSSSSSSSSSSSSSSSSSSSSSSSSSSSSSSSSSSSSSSSSSSSSSSSSSSSSSSS